# $NQC$

FBSD_1.7 {
	global:
		NQC_cnvlist_free_binary;
		NQC_cnvlist_free_bool;
		NQC_cnvlist_free_bool_array;
		NQC_cnvlist_free_descriptor;
		NQC_cnvlist_free_descriptor_array;
		NQC_cnvlist_free_number;
		NQC_cnvlist_free_number_array;
		NQC_cnvlist_free_nvlist;
		NQC_cnvlist_free_nvlist_array;
		NQC_cnvlist_free_string;
		NQC_cnvlist_free_string_array;
		NQC_cnvlist_get_binary;
		NQC_cnvlist_get_bool;
		NQC_cnvlist_get_bool_array;
		NQC_cnvlist_get_descriptor;
		NQC_cnvlist_get_descriptor_array;
		NQC_cnvlist_get_number;
		NQC_cnvlist_get_number_array;
		NQC_cnvlist_get_nvlist;
		NQC_cnvlist_get_nvlist_array;
		NQC_cnvlist_get_string;
		NQC_cnvlist_get_string_array;
		NQC_cnvlist_name;
		NQC_cnvlist_take_binary;
		NQC_cnvlist_take_bool;
		NQC_cnvlist_take_bool_array;
		NQC_cnvlist_take_descriptor;
		NQC_cnvlist_take_descriptor_array;
		NQC_cnvlist_take_number;
		NQC_cnvlist_take_number_array;
		NQC_cnvlist_take_nvlist;
		NQC_cnvlist_take_nvlist_array;
		NQC_cnvlist_take_string;
		NQC_cnvlist_take_string_array;
		NQC_cnvlist_type;
		NQC_dnvlist_get_binary;
		NQC_dnvlist_get_bool;
		NQC_dnvlist_get_descriptor;
		NQC_dnvlist_get_number;
		NQC_dnvlist_get_nvlist;
		NQC_dnvlist_get_string;
		NQC_dnvlist_take_binary;
		NQC_dnvlist_take_bool;
		NQC_dnvlist_take_descriptor;
		NQC_dnvlist_take_number;
		NQC_dnvlist_take_nvlist;
		NQC_dnvlist_take_string;
		NQC_nvlist_add_binary;
		NQC_nvlist_add_bool;
		NQC_nvlist_add_bool_array;
		NQC_nvlist_add_descriptor;
		NQC_nvlist_add_descriptor_array;
		NQC_nvlist_add_null;
		NQC_nvlist_add_number;
		NQC_nvlist_add_number_array;
		NQC_nvlist_add_nvlist;
		NQC_nvlist_add_nvlist_array;
		NQC_nvlist_add_nvpair;
		NQC_nvlist_add_string;
		NQC_nvlist_add_string_array;
		NQC_nvlist_add_stringf;
		NQC_nvlist_add_stringv;
		NQC_nvlist_append_bool_array;
		NQC_nvlist_append_descriptor_array;
		NQC_nvlist_append_number_array;
		NQC_nvlist_append_nvlist_array;
		NQC_nvlist_append_string_array;
		NQC_nvlist_clone;
		NQC_nvlist_create;
		NQC_nvlist_descriptors;
		NQC_nvlist_destroy;
		NQC_nvlist_dump;
		NQC_nvlist_empty;
		NQC_nvlist_error;
		NQC_nvlist_exists;
		NQC_nvlist_exists_binary;
		NQC_nvlist_exists_bool;
		NQC_nvlist_exists_bool_array;
		NQC_nvlist_exists_descriptor;
		NQC_nvlist_exists_descriptor_array;
		NQC_nvlist_exists_null;
		NQC_nvlist_exists_number;
		NQC_nvlist_exists_number_array;
		NQC_nvlist_exists_nvlist;
		NQC_nvlist_exists_nvlist_array;
		NQC_nvlist_exists_string;
		NQC_nvlist_exists_string_array;
		NQC_nvlist_exists_type;
		NQC_nvlist_fdump;
		NQC_nvlist_first_nvpair;
		NQC_nvlist_flags;
		NQC_nvlist_free;
		NQC_nvlist_free_binary;
		NQC_nvlist_free_bool;
		NQC_nvlist_free_bool_array;
		NQC_nvlist_free_descriptor;
		NQC_nvlist_free_descriptor_array;
		NQC_nvlist_free_null;
		NQC_nvlist_free_number;
		NQC_nvlist_free_number_array;
		NQC_nvlist_free_nvlist;
		NQC_nvlist_free_nvlist_array;
		NQC_nvlist_free_nvpair;
		NQC_nvlist_free_string;
		NQC_nvlist_free_string_array;
		NQC_nvlist_free_type;
		NQC_nvlist_get_array_next;
		NQC_nvlist_get_array_next_nvpair;
		NQC_nvlist_get_binary;
		NQC_nvlist_get_bool;
		NQC_nvlist_get_bool_array;
		NQC_nvlist_get_descriptor;
		NQC_nvlist_get_descriptor_array;
		NQC_nvlist_get_number;
		NQC_nvlist_get_number_array;
		NQC_nvlist_get_nvlist;
		NQC_nvlist_get_nvlist_array;
		NQC_nvlist_get_nvpair;
		NQC_nvlist_get_nvpair_parent;
		NQC_nvlist_get_pararr;
		NQC_nvlist_get_parent;
		NQC_nvlist_get_string;
		NQC_nvlist_get_string_array;
		NQC_nvlist_in_array;
		NQC_nvlist_move_binary;
		NQC_nvlist_move_bool_array;
		NQC_nvlist_move_descriptor;
		NQC_nvlist_move_descriptor_array;
		NQC_nvlist_move_number_array;
		NQC_nvlist_move_nvlist;
		NQC_nvlist_move_nvlist_array;
		NQC_nvlist_move_nvpair;
		NQC_nvlist_move_string;
		NQC_nvlist_move_string_array;
		NQC_nvlist_ndescriptors;
		NQC_nvlist_next;
		NQC_nvlist_next_nvpair;
		NQC_nvlist_pack;
		NQC_nvlist_prev_nvpair;
		NQC_nvlist_recv;
		NQC_nvlist_remove_nvpair;
		NQC_nvlist_report_missing;
		NQC_nvlist_send;
		NQC_nvlist_set_array_next;
		NQC_nvlist_set_error;
		NQC_nvlist_set_flags;
		NQC_nvlist_set_parent;
		NQC_nvlist_size;
		NQC_nvlist_take_binary;
		NQC_nvlist_take_bool;
		NQC_nvlist_take_bool_array;
		NQC_nvlist_take_descriptor;
		NQC_nvlist_take_descriptor_array;
		NQC_nvlist_take_number;
		NQC_nvlist_take_number_array;
		NQC_nvlist_take_nvlist;
		NQC_nvlist_take_nvlist_array;
		NQC_nvlist_take_string;
		NQC_nvlist_take_string_array;
		NQC_nvlist_unpack;
		NQC_nvlist_unpack_header;
		NQC_nvlist_xfer;
		NQC_nvpair_append_bool_array;
		NQC_nvpair_append_descriptor_array;
		NQC_nvpair_append_number_array;
		NQC_nvpair_append_nvlist_array;
		NQC_nvpair_append_string_array;
		NQC_nvpair_assert;
		NQC_nvpair_clone;
		NQC_nvpair_create_binary;
		NQC_nvpair_create_bool;
		NQC_nvpair_create_bool_array;
		NQC_nvpair_create_descriptor;
		NQC_nvpair_create_descriptor_array;
		NQC_nvpair_create_null;
		NQC_nvpair_create_number;
		NQC_nvpair_create_number_array;
		NQC_nvpair_create_nvlist;
		NQC_nvpair_create_nvlist_array;
		NQC_nvpair_create_string;
		NQC_nvpair_create_string_array;
		NQC_nvpair_create_stringf;
		NQC_nvpair_create_stringv;
		NQC_nvpair_free;
		NQC_nvpair_free_structure;
		NQC_nvpair_get_binary;
		NQC_nvpair_get_bool;
		NQC_nvpair_get_bool_array;
		NQC_nvpair_get_descriptor;
		NQC_nvpair_get_descriptor_array;
		NQC_nvpair_get_number;
		NQC_nvpair_get_number_array;
		NQC_nvpair_get_nvlist;
		NQC_nvpair_get_nvlist_array;
		NQC_nvpair_get_string;
		NQC_nvpair_get_string_array;
		NQC_nvpair_header_size;
		NQC_nvpair_init_datasize;
		NQC_nvpair_insert;
		NQC_nvpair_move_binary;
		NQC_nvpair_move_bool_array;
		NQC_nvpair_move_descriptor;
		NQC_nvpair_move_descriptor_array;
		NQC_nvpair_move_number_array;
		NQC_nvpair_move_nvlist;
		NQC_nvpair_move_nvlist_array;
		NQC_nvpair_move_string;
		NQC_nvpair_move_string_array;
		NQC_nvpair_name;
		NQC_nvpair_next;
		NQC_nvpair_nvlist;
		NQC_nvpair_pack_binary;
		NQC_nvpair_pack_bool;
		NQC_nvpair_pack_bool_array;
		NQC_nvpair_pack_descriptor;
		NQC_nvpair_pack_descriptor_array;
		NQC_nvpair_pack_header;
		NQC_nvpair_pack_null;
		NQC_nvpair_pack_number;
		NQC_nvpair_pack_number_array;
		NQC_nvpair_pack_nvlist_array_next;
		NQC_nvpair_pack_nvlist_up;
		NQC_nvpair_pack_string;
		NQC_nvpair_pack_string_array;
		NQC_nvpair_prev;
		NQC_nvpair_remove;
		NQC_nvpair_size;
		NQC_nvpair_type;
		NQC_nvpair_type_string;
		NQC_nvpair_unpack;
		NQC_nvpair_unpack_binary;
		NQC_nvpair_unpack_bool;
		NQC_nvpair_unpack_bool_array;
		NQC_nvpair_unpack_descriptor;
		NQC_nvpair_unpack_descriptor_array;
		NQC_nvpair_unpack_header;
		NQC_nvpair_unpack_null;
		NQC_nvpair_unpack_number;
		NQC_nvpair_unpack_number_array;
		NQC_nvpair_unpack_nvlist;
		NQC_nvpair_unpack_nvlist_array;
		NQC_nvpair_unpack_string;
		NQC_nvpair_unpack_string_array;

	local:
		buf_recv;
		buf_send;
		cred_recv;
		cred_send;
		fd_recv;
		fd_send;
};
